.....F.......................                                            [100%]
================================== FAILURES ===================================
_____________________________ test_full_e2e_flow ______________________________
tests\test_e2e.py:15: in test_full_e2e_flow
    register_toggle = WebDriverWait(browser, 5).until(
..\..\..\AppData\Local\Programs\Python\Python311\Lib\site-packages\selenium\webdriver\support\wait.py:105: in until
    raise TimeoutException(message, screen, stacktrace)
E   selenium.common.exceptions.TimeoutException: Message: 
E   Stacktrace:
E   	chromedriver!GetHandleVerifier [0x7ff6b6823fa5+14925]
E   	chromedriver!GetHandleVerifier [0x7ff6b6824000+14980]
E   	chromedriver!(No symbol) [0x7ff6b636793d]
E   	chromedriver!(No symbol) [0x7ff6b63c1aad]
E   	chromedriver!(No symbol) [0x7ff6b63c1dac]
E   	chromedriver!(No symbol) [0x7ff6b64127d7]
E   	chromedriver!(No symbol) [0x7ff6b640f39b]
E   	chromedriver!(No symbol) [0x7ff6b63b401c]
E   	chromedriver!(No symbol) [0x7ff6b63b4f43]
E   	chromedriver!GetHandleVerifier [0x7ff6b6e07591+5f7f11]
E   	chromedriver!GetHandleVerifier [0x7ff6b6e01902+5f2282]
E   	chromedriver!GetHandleVerifier [0x7ff6b6e27115+617a95]
E   	chromedriver!GetHandleVerifier [0x7ff6b6841dce+3274e]
E   	chromedriver!GetHandleVerifier [0x7ff6b684a82c+3b1ac]
E   	chromedriver!GetHandleVerifier [0x7ff6b682d744+1e0c4]
E   	chromedriver!GetHandleVerifier [0x7ff6b682d8d4+1e254]
E   	chromedriver!GetHandleVerifier [0x7ff6b6811447+1dc7]
E   	KERNEL32!BaseThreadInitThunk [0x7ffaf51ee957+17]
E   	ntdll!RtlUserThreadStart [0x7ffaf68aad6c+2c]
=========================== short test summary info ===========================
FAILED tests/test_e2e.py::test_full_e2e_flow - selenium.common.exceptions.Tim...
1 failed, 28 passed in 180.51s (0:03:00)
